###############################################################################
#
# IAR ELF Linker V9.20.2.320/W64 for ARM                  25/Apr/2022  00:33:35
# Copyright 2007-2021 IAR Systems AB.
#
#    Output file  =
#        C:\Users\raadk\source\repos\embedded-systems-programming\lessonx\Debug\Exe\project.out
#    Map file     =
#        C:\Users\raadk\source\repos\embedded-systems-programming\lessonx\Debug\List\project.map
#    Command line =
#        -f
#        C:\Users\raadk\source\repos\embedded-systems-programming\lessonx\Debug\Exe\project.out.rsp
#        (C:\Users\raadk\source\repos\embedded-systems-programming\lessonx\Debug\Obj\delay.o
#        C:\Users\raadk\source\repos\embedded-systems-programming\lessonx\Debug\Obj\main.o
#        C:\Users\raadk\source\repos\embedded-systems-programming\lessonx\Debug\Obj\tm4c_startup.o
#        --no_out_extension -o
#        C:\Users\raadk\source\repos\embedded-systems-programming\lessonx\Debug\Exe\project.out
#        --redirect _Printf=_PrintfFullNoMb --redirect _Scanf=_ScanfFullNoMb
#        --map
#        C:\Users\raadk\source\repos\embedded-systems-programming\lessonx\Debug\List\project.map
#        --config
#        C:\Users\raadk\source\repos\embedded-systems-programming\lessonx\project.icf
#        --semihosting --entry __iar_program_start --vfe --text_out locale)
#
###############################################################################

*******************************************************************************
*** RUNTIME MODEL ATTRIBUTES
***

CppFlavor       = *
__CPP_Runtime   = 1
__SystemLibrary = DLib
__dlib_version  = 6


*******************************************************************************
*** HEAP SELECTION
***

The basic heap was selected because some modules are built with
size limitations (and not runtime checking), and --advanced_heap
was not specified.


*******************************************************************************
*** PLACEMENT SUMMARY
***

"A0":  place at address 0x0 { ro section .intvec };
"P1":  place in [from 0x0 to 0x7'ffff] { ro };
define block CSTACK with size = 1K, alignment = 8 { };
define block PROC_STACK with size = 0, alignment = 8 { };
define block HEAP with size = 0, alignment = 8 { };
"P2":  place in [from 0x2000'0000 to 0x2000'ffff] {
          rw, block CSTACK, block PROC_STACK, block HEAP };

  Section          Kind         Address   Size  Object
  -------          ----         -------   ----  ------
"A0":                                      0x8
  .intvec          const            0x0    0x8  tm4c_startup.o [1]
                                  - 0x8    0x8

"P1":                                    0x1a4
  .text            ro code          0x8   0x98  main.o [1]
  .text            ro code         0xa0   0x14  delay.o [1]
  .text            ro code         0xb4   0x38  zero_init3.o [4]
  .text            ro code         0xec   0x28  data_init.o [4]
  .text            ro code        0x114   0x22  fpinit_M.o [3]
  .iar.init_table  const          0x138   0x10  - Linker created -
  .text            ro code        0x148   0x1e  cmain.o [4]
  .text            ro code        0x166    0x4  low_level_init.o [2]
  .text            ro code        0x16a    0x4  exit.o [2]
  .text            ro code        0x170    0xa  cexit.o [4]
  .text            ro code        0x17c   0x14  exit.o [5]
  .text            ro code        0x190   0x1c  cstartup_M.o [4]
  .rodata          const          0x1ac    0x0  zero_init3.o [4]
                                - 0x1ac  0x1a4

"P2":                                      0x8
  .bss             zero     0x2000'0000    0x8  main.o [1]
                          - 0x2000'0008    0x8

Unused ranges:

         From           To      Size
         ----           --      ----
        0x1ac     0x7'ffff  0x7'fe54
  0x2000'0008  0x2000'ffff    0xfff8


*******************************************************************************
*** INIT TABLE
***

          Address      Size
          -------      ----
Zero (__iar_zero_init3)
    1 destination range, total size 0x8:
          0x2000'0000   0x8



*******************************************************************************
*** MODULE SUMMARY
***

    Module            ro code  ro data  rw data
    ------            -------  -------  -------
command line/config:
    -------------------------------------------
    Total:

C:\Users\raadk\source\repos\embedded-systems-programming\lessonx\Debug\Obj: [1]
    delay.o                20
    main.o                152                 8
    tm4c_startup.o                   8
    -------------------------------------------
    Total:                172        8        8

dl7M_tln.a: [2]
    exit.o                  4
    low_level_init.o        4
    -------------------------------------------
    Total:                  8

m7M_tls.a: [3]
    fpinit_M.o             34
    -------------------------------------------
    Total:                 34

rt7M_tl.a: [4]
    cexit.o                10
    cmain.o                30
    cstartup_M.o           28
    data_init.o            40
    zero_init3.o           56
    -------------------------------------------
    Total:                164

shb_l.a: [5]
    exit.o                 20
    -------------------------------------------
    Total:                 20

    Gaps                    4        2
    Linker created                  16
-----------------------------------------------
    Grand Total:          402       26        8


*******************************************************************************
*** ENTRY LIST
***

Entry                       Address  Size  Type      Object
-----                       -------  ----  ----      ------
.iar.init_table$$Base         0x138         --   Gb  - Linker created -
.iar.init_table$$Limit        0x148         --   Gb  - Linker created -
?main                         0x149        Code  Gb  cmain.o [4]
Region$$Table$$Base           0x138         --   Gb  - Linker created -
Region$$Table$$Limit          0x148         --   Gb  - Linker created -
__cmain                       0x149        Code  Gb  cmain.o [4]
__exit                        0x17d  0x14  Code  Gb  exit.o [5]
__iar_data_init3               0xed  0x28  Code  Gb  data_init.o [4]
__iar_init_vfp                0x115        Code  Gb  fpinit_M.o [3]
__iar_program_start           0x191        Code  Gb  cstartup_M.o [4]
__iar_zero_init3               0xb5  0x38  Code  Gb  zero_init3.o [4]
__low_level_init              0x167   0x4  Code  Gb  low_level_init.o [2]
__vector_table                  0x0   0x8  Data  Gb  tm4c_startup.o [1]
_call_main                    0x155        Code  Gb  cmain.o [4]
_exit                         0x171        Code  Gb  cexit.o [4]
delay                          0xa1  0x14  Code  Gb  delay.o [1]
exit                          0x16b   0x4  Code  Gb  exit.o [2]
main                           0x1f  0x5a  Code  Gb  main.o [1]
swap                            0x9  0x16  Code  Gb  main.o [1]
swap::tmp               0x2000'0000   0x8  Data  Lc  main.o [1]


[1] = C:\Users\raadk\source\repos\embedded-systems-programming\lessonx\Debug\Obj
[2] = dl7M_tln.a
[3] = m7M_tls.a
[4] = rt7M_tl.a
[5] = shb_l.a

  402 bytes of readonly  code memory
   26 bytes of readonly  data memory
    8 bytes of readwrite data memory

Errors: none
Warnings: none
